// Jest Snapshot v1, https://goo.gl/fbAQLP

exports[`App component renders correctly 1`] = `
<div
  className="App"
>
  <div>
    <div
      className="not-found"
    >
      <div
        className="Header"
      >
        <nav
          className="navbar navbar-inverse container-fluid navbar-fixed-top"
        >
          <div>
            <div
              className="navbar-header"
            >
              <button
                aria-expanded="false"
                className="navbar-toggle collapsed"
                data-target="#bs-example-navbar-collapse-1"
                data-toggle="collapse"
                type="button"
              >
                <span
                  className="sr-only"
                >
                  Toggle navigation
                </span>
                <span
                  className="icon-bar"
                />
                <span
                  className="icon-bar"
                />
                <span
                  className="icon-bar"
                />
              </button>
              <a
                className="navbar-brand"
                href="/"
                onClick={[Function]}
              >
                Demo React App
              </a>
            </div>
            <div
              className="collapse navbar-collapse"
              id="bs-example-navbar-collapse-1"
            >
              <ul
                className="nav navbar-nav"
              >
                <li
                  className=""
                >
                  <a
                    href="/"
                    onClick={[Function]}
                  >
                    <span
                      className="glyphicon glyphicon-home"
                    />
                    Home
                  </a>
                </li>
                <li>
                  <a
                    href="about"
                    onClick={[Function]}
                  >
                    <span
                      className="glyphicon glyphicon-king"
                    />
                    About
                  </a>
                </li>
              </ul>
              <form
                className="navbar-form navbar-left"
                role="search"
              >
                <div
                  className="form-group-sm"
                >
                  <div
                    className="input-group"
                  >
                    <input
                      className="form-control"
                      onChange={[Function]}
                      placeholder="Search"
                      type="text"
                      value=""
                    />
                    <span
                      className="input-group-btn"
                    >
                      <button
                        className="btn btn-success btn-sm"
                        onClick={[Function]}
                      >
                        Go!
                      </button>
                    </span>
                  </div>
                </div>
              </form>
              <ul
                className="nav navbar-nav navbar-right"
              >
                <li>
                  <a
                    href="contactus"
                    onClick={[Function]}
                  >
                    <span
                      className="glyphicon glyphicon-phone"
                    />
                    Contact Us
                  </a>
                </li>
                <li>
                  <a
                    className="active"
                    href="login"
                    onClick={[Function]}
                  >
                    <span
                      className="glyphicon glyphicon-log-in"
                    />
                    Login
                  </a>
                </li>
                <li>
                  <a
                    href="register"
                    onClick={[Function]}
                  >
                    <span
                      className="glyphicon glyphicon-user"
                    />
                    Register
                  </a>
                </li>
              </ul>
            </div>
          </div>
        </nav>
        <div
          className="frontbackground"
          style={
            Object {
              "backgroundImage": "url(/images/frontbg.jpg)",
              "height": "400px",
              "marginTop": "51px",
              "width": "100%",
            }
          }
        />
      </div>
      <h1>
        404 Not Found
      </h1>
    </div>
  </div>
</div>
`;
